16c5x/XX Cross-Assembler V4.00 Released  Wed Nov 12 17:20:00 1997  Page 1

Line   PC    Opcode

0001               ;********************************************************
                       **********************
0002               ;                            PHONE LINE TRANSPONDER
0003               ;                  Copyright (c) 1997 by Weeder Technolog
                       ies
0004               ;                           Model  : WTPLT
0005               ;                           Author : Terry J. Weeder
0006               ;                           Date   : November 12, 1997
0007               ;                           Version: 1.0
0008               ;********************************************************
                       **********************
0009               
0010               ;watchdog disabled
0011               
0012               list	P=16C55
0013               
0014         0000  ind	equ	0h
0015         0001  rtcc	equ	1h
0016         0002  pc	equ	2h
0017         0003  status	equ	3h
0018         0004  fsr	equ	4h
0019         0005  port_a	equ	5h
0020         0006  port_b	equ	6h
0021         0007  port_c	equ	7h
0022         0000  c	equ	0h
0023         0001  dc	equ	1h
0024         0002  z	equ	2h
0025         0003  pd	equ	3h
0026         0004  to	equ	4h
0027         0007  MSB	equ	7h
0028         0000  LSB	equ	0h
0029               
0030         0002  di	equ	2h		;eeprom data input
0031         0002  do	equ	2h		;eeprom data output
0032         0001  clk	equ	1h		;eeprom clock input
0033         0000  cs	equ	0h		;eeprom chip select
0034         0003  pw	equ	3h		;pulse-width-modulation output
0035         0004  dv	equ	4h		;MC145436 data valid pin
0036         0005  rd	equ	5h		;ring detect pin
0037         0006  hs	equ	6h		;hook switch pin
0038         0007  mic	equ	7h		;turn mic on/off
0039               
0040         0008  count	equ	8h
0041         0009  count2	equ	9h
0042         000A  count3	equ	0Ah
0043         000B  count4	equ	0Bh
0044         000C  tone1	equ	0Ch		;angular position of tone 1
0045         000D  tone2	equ	0Dh		;angular position of tone 2
0046         000E  pwm_hi	equ	0Eh		;high duty cycle
0047         000F  pwm_lo	equ	0Fh		;low duty cycle
0048         0010  temp	equ	10h		;temporary register used in subs
0049         0011  angle1	equ	11h		;angle jump for tone 1
0050         0012  angle2	equ	12h		;angle jump for tone 2
0051         0013  num	equ	13h		;received dtmf tones
16c5x/XX Cross-Assembler V4.00 Released  Wed Nov 12 17:20:00 1997  Page 2

Line   PC    Opcode

0052         0014  mem_reg	equ	14h		;used to read/write eeprom
0053         0015  addrs	equ	15h		;address of eeprom
0054         0016  type	equ	16h		;toggle/momentary config
0055               
0056         0000  	org	1FF
0057   01FF  0B08  	goto	start
0058         0000  	org	0
0059               
0060   0000  0C08  beep	movlw	0x08
0061   0001  002D  	movwf	tone2
0062   0002  0C1B  	movlw	0x1B		;set for 1100 Hz tone
0063   0003  0031  	movwf	angle1
0064   0004  0072  	clrf	angle2
0065   0005  0A7D  	goto	beep2		;send tone
0066               
0067   0006  0C04  pause1	movlw	0x04		;pause 1 sec
0068   0007  002A  	movwf	count3
0069   0008  0069  	clrf	count2
0070   0009  0068  	clrf	count
0071   000A  02E8  ps1	decfsz	count
0072   000B  0A0A  	goto	ps1
0073   000C  02E9  	decfsz	count2
0074   000D  0A0A  	goto	ps1
0075   000E  02EA  	decfsz	count3
0076   000F  0A0A  	goto	ps1
0077   0010  0800  	retlw	0x00
0078               
0079   0011  0C09  pause2	movlw	0x09		;pause 2 sec
0080   0012  002A  	movwf	count3
0081   0013  0069  	clrf	count2
0082   0014  0068  	clrf	count
0083   0015  02E8  ps2	decfsz	count
0084   0016  0A15  	goto	ps2
0085   0017  02E9  	decfsz	count2
0086   0018  0A15  	goto	ps2
0087   0019  02EA  	decfsz	count3
0088   001A  0A15  	goto	ps2
0089   001B  0800  	retlw	0x00
0090               
0091   001C  0070  toggle	clrf	temp		;toggle state of pin
0092   001D  0213  	movf	num,w		;get pin number
0093   001E  0028  	movwf	count
0094   001F  0503  	bsf	status,c
0095   0020  0370  tg1	rlf	temp
0096   0021  02E8  	decfsz	count
0097   0022  0A20  	goto	tg1
0098   0023  0210  	movf	temp,w		;output new state to port_c
0099   0024  01A7  	xorwf	port_c
0100   0025  0800  	retlw	0x00
0101               
0102   0026  0C52  dtmf	movlw	0x52		;time-out period = 30 sec
16c5x/XX Cross-Assembler V4.00 Released  Wed Nov 12 17:20:00 1997  Page 3

Line   PC    Opcode

0103   0027  002A  	movwf	count3
0104   0028  0069  	clrf	count2
0105   0029  0068  	clrf	count
0106   002A  0686  dt1	btfsc	port_b,dv	;wait for valid dtmf tone
0107   002B  0A33  	goto	dt2
0108   002C  02E8  	decfsz	count
0109   002D  0A2A  	goto	dt1
0110   002E  02E9  	decfsz	count2
0111   002F  0A2A  	goto	dt1
0112   0030  02EA  	decfsz	count3
0113   0031  0A2A  	goto	dt1
0114   0032  0B0E  	goto	run		;abort if no tone within time-out period
0115   0033  0206  dt2	movf	port_b,w		;read tone
0116   0034  0E0F  	andlw	b'00001111'	;strip off unused bits
0117   0035  0033  	movwf	num
0118   0036  0686  dt3	btfsc	port_b,4		;wait for end of tone
0119   0037  0A36  	goto	dt3
0120   0038  0800  	retlw	0x00
0121               
0122   0039  01E2  pair	addwf	pc		;get row and col of tone pair
0123   003A  0000  	nop
0124   003B  0800  	retlw	0x00
0125   003C  0801  	retlw	0x01
0126   003D  0802  	retlw	0x02
0127   003E  0810  	retlw	0x10
0128   003F  0811  	retlw	0x11
0129   0040  0812  	retlw	0x12
0130   0041  0820  	retlw	0x20
0131   0042  0821  	retlw	0x21
0132   0043  0822  	retlw	0x22
0133   0044  0831  	retlw	0x31
0134               
0135   0045  0390  row	swapf	temp,w		;get row address
0136   0046  0E0F  	andlw	b'00001111'	;strip off col address
0137   0047  01E2  	addwf	pc
0138   0048  0811  	retlw	0x11
0139   0049  0813  	retlw	0x13
0140   004A  0815  	retlw	0x15
0141   004B  0817  	retlw	0x17
0142               
0143   004C  0210  col	movf	temp,w		;get col address
0144   004D  0E0F  	andlw	b'00001111'	;strip off row address
0145   004E  01E2  	addwf	pc
0146   004F  081E  	retlw	0x1E
0147   0050  0821  	retlw	0x21
0148   0051  0824  	retlw	0x24
0149               
0150   0052  0030  sine	movwf	temp		;pattern for generating sine wave
0151   0053  0330  	rrf	temp
0152   0054  0310  	rrf	temp,w
0153   0055  0E1F  	andlw	b'00011111'
16c5x/XX Cross-Assembler V4.00 Released  Wed Nov 12 17:20:00 1997  Page 4

Line   PC    Opcode

0154   0056  01E2  	addwf	pc
0155   0057  0808  	retlw	0x08
0156   0058  0809  	retlw	0x09
0157   0059  080B  	retlw	0x0B
0158   005A  080C  	retlw	0x0C
0159   005B  080D  	retlw	0x0D
0160   005C  080E  	retlw	0x0E
0161   005D  080F  	retlw	0x0F
0162   005E  080F  	retlw	0x0F
0163   005F  080F  	retlw	0x0F
0164   0060  080F  	retlw	0x0F
0165   0061  080F  	retlw	0x0F
0166   0062  080E  	retlw	0x0E
0167   0063  080D  	retlw	0x0D
0168   0064  080C  	retlw	0x0C
0169   0065  080B  	retlw	0x0B
0170   0066  0809  	retlw	0x09
0171   0067  0808  	retlw	0x08
0172   0068  0807  	retlw	0x07
0173   0069  0805  	retlw	0x05
0174   006A  0804  	retlw	0x04
0175   006B  0803  	retlw	0x03
0176   006C  0802  	retlw	0x02
0177   006D  0801  	retlw	0x01
0178   006E  0801  	retlw	0x01
0179   006F  0801  	retlw	0x01
0180   0070  0801  	retlw	0x01
0181   0071  0801  	retlw	0x01
0182   0072  0802  	retlw	0x02
0183   0073  0803  	retlw	0x03
0184   0074  0804  	retlw	0x04
0185   0075  0805  	retlw	0x05
0186   0076  0807  	retlw	0x07
0187               
0188               ;pwm factor = 40.647 @ 3.58 MHz clk
0189               
0190   0077  0939  pwm	call	pair		;get tone pair
0191   0078  0030  	movwf	temp
0192   0079  0945  	call	row		;get and load low tone
0193   007A  0031  	movwf	angle1
0194   007B  094C  	call	col		;get and load high tone
0195   007C  0032  	movwf	angle2
0196   007D  0C04  beep2	movlw	0x04		;set duration of tone for 98 ms
0197   007E  0029  	movwf	count2
0198   007F  0068  	clrf	count
0199   0080  0CF4  	movlw	b'11110100'
0200   0081  0005  	tris	port_a
0201   0082  0211  pw1	movf	angle1,w		;add angle of tone1
0202   0083  01EC  	addwf	tone1
0203   0084  030C  	rrf	tone1,w		;use most significant bits
0204   0085  0952  	call	sine		;get pwm "high" value
16c5x/XX Cross-Assembler V4.00 Released  Wed Nov 12 17:20:00 1997  Page 5

Line   PC    Opcode

0205   0086  0465  	bcf	port_a,pw	;set pin low
0206   0087  002E  	movwf	pwm_hi
0207   0088  0212  	movf	angle2,w		;add angle of tone2
0208   0089  01ED  	addwf	tone2
0209   008A  030D  	rrf	tone2,w		;use most significant bits
0210   008B  0952  	call	sine		;get pwm "high" value
0211   008C  01EE  	addwf	pwm_hi		;calculate average "high" value
0212   008D  032E  	rrf	pwm_hi
0213   008E  020E  	movf	pwm_hi,w		;set pwm "low" value
0214   008F  0DF0  	iorlw	b'11110000'
0215   0090  002F  	movwf	pwm_lo
0216   0091  03EF  pw2	incfsz	pwm_lo
0217   0092  0A91  	goto	pw2
0218   0093  0565  	bsf	port_a,pw	;set pin high
0219   0094  02EE  pw3	decfsz	pwm_hi
0220   0095  0A94  	goto	pw3
0221   0096  0000  	nop
0222   0097  02E8  	decfsz	count
0223   0098  0A9A  	goto	pw4
0224   0099  02E9  	decfsz	count2
0225   009A  0A82  pw4	goto	pw1
0226   009B  0C74  	movlw	0x74		;pause 100 ms
0227   009C  0029  	movwf	count2
0228   009D  0068  	clrf	count
0229   009E  02E8  pw5	decfsz	count
0230   009F  0A9E  	goto	pw5
0231   00A0  02E9  	decfsz	count2
0232   00A1  0A9E  	goto	pw5		;end pause
0233   00A2  0800  	retlw	0x00
0234               
0235   00A3  0525  clock	bsf	port_a,clk	;clk high
0236   00A4  0425  	bcf	port_a,clk	;clk low
0237   00A5  0800  	retlw	0x00
0238               
0239   00A6  0CF0  read	movlw	b'11110000'	;93LC46, 128x8
0240   00A7  0005  	tris	port_a
0241   00A8  0505  	bsf	port_a,cs	;select chip
0242   00A9  0545  	bsf	port_a,di	;start bit
0243   00AA  09A3  	call	clock		;toggle clock pin
0244   00AB  09A3  	call	clock		;toggle clock pin
0245   00AC  0445  	bcf	port_a,di
0246   00AD  09A3  	call	clock		;toggle clock pin
0247   00AE  0375  	rlf	addrs		;setup address for 7 bits
0248   00AF  0C07  	movlw	0x07		;7 address bits
0249   00B0  0028  	movwf	count
0250   00B1  0445  rd1	bcf	port_a,di
0251   00B2  0375  	rlf	addrs		;get next address bit
0252   00B3  0603  	btfsc	status,c
0253   00B4  0545  	bsf	port_a,di
0254   00B5  09A3  	call	clock		;toggle clock pin
0255   00B6  02E8  	decfsz	count
16c5x/XX Cross-Assembler V4.00 Released  Wed Nov 12 17:20:00 1997  Page 6

Line   PC    Opcode

0256   00B7  0AB1  	goto	rd1
0257   00B8  0375  	rlf	addrs		;set back to original
0258   00B9  0CF4  	movlw	b'11110100'	;change to input
0259   00BA  0005  	tris	port_a
0260   00BB  0C08  	movlw	0x08		;8 data bits
0261   00BC  0028  	movwf	count
0262   00BD  09A3  rd2	call	clock		;toggle clock pin
0263   00BE  0403  	bcf	status,c
0264   00BF  0374  	rlf	mem_reg
0265   00C0  0645  	btfsc	port_a,do	;get next data bit
0266   00C1  0514  	bsf	mem_reg,LSB
0267   00C2  02E8  	decfsz	count
0268   00C3  0ABD  	goto	rd2
0269   00C4  0405  	bcf	port_a,cs	;deselect chip
0270   00C5  02B5  	incf	addrs
0271   00C6  0800  	retlw	0x00
0272               
0273   00C7  0034  write	movwf	mem_reg		;93LC46, 128x8
0274   00C8  0CF0  	movlw	b'11110000'
0275   00C9  0005  	tris	port_a
0276   00CA  0505  	bsf	port_a,cs	;select chip
0277   00CB  0545  	bsf	port_a,di	;start bit
0278   00CC  09A3  	call	clock		;toggle clock pin
0279   00CD  0445  	bcf	port_a,di	;write enable
0280   00CE  09A3  	call	clock		;toggle clock pin
0281   00CF  09A3  	call	clock		;toggle clock pin
0282   00D0  0545  	bsf	port_a,di
0283   00D1  0C07  	movlw	0x07
0284   00D2  0028  	movwf	count
0285   00D3  09A3  wt1	call	clock		;toggle clock pin
0286   00D4  02E8  	decfsz	count
0287   00D5  0AD3  	goto	wt1
0288   00D6  0405  	bcf	port_a,cs	;deselect chip
0289   00D7  0505  	bsf	port_a,cs	;select chip
0290   00D8  0545  	bsf	port_a,di	;start bit
0291   00D9  09A3  	call	clock		;toggle clock pin
0292   00DA  0445  	bcf	port_a,di	;opcode
0293   00DB  09A3  	call	clock		;toggle clock pin
0294   00DC  0545  	bsf	port_a,di
0295   00DD  09A3  	call	clock		;toggle clock pin
0296   00DE  0375  	rlf	addrs		;setup address for 7 bits
0297   00DF  0C07  	movlw	0x07		;7 address bits
0298   00E0  0028  	movwf	count
0299   00E1  0445  wt2	bcf	port_a,di
0300   00E2  0375  	rlf	addrs		;get next address bit
0301   00E3  0603  	btfsc	status,c
0302   00E4  0545  	bsf	port_a,di
0303   00E5  09A3  	call	clock		;toggle clock pin
0304   00E6  02E8  	decfsz	count
0305   00E7  0AE1  	goto	wt2
0306   00E8  0375  	rlf	addrs		;set back to original
16c5x/XX Cross-Assembler V4.00 Released  Wed Nov 12 17:20:00 1997  Page 7

Line   PC    Opcode

0307   00E9  0C08  	movlw	0x08		;8 data bits
0308   00EA  0028  	movwf	count
0309   00EB  0445  wt3	bcf	port_a,di
0310   00EC  0374  	rlf	mem_reg		;output next data bit
0311   00ED  0603  	btfsc	status,c
0312   00EE  0545  	bsf	port_a,di
0313   00EF  09A3  	call	clock		;toggle clock pin
0314   00F0  02E8  	decfsz	count
0315   00F1  0AEB  	goto	wt3
0316   00F2  0405  	bcf	port_a,cs	;deselect chip
0317   00F3  0CF4  	movlw	b'11110100'	;change to input
0318   00F4  0005  	tris	port_a
0319   00F5  0505  	bsf	port_a,cs	;select chip
0320   00F6  0745  wt4	btfss	port_a,do	;test for ready condition
0321   00F7  0AF6  	goto	wt4
0322   00F8  0405  	bcf	port_a,cs	;deselect chip
0323   00F9  0CF0  	movlw	b'11110000'	;change to output
0324   00FA  0005  	tris	port_a
0325   00FB  0505  	bsf	port_a,cs	;select chip
0326   00FC  0545  	bsf	port_a,di	;start bit
0327   00FD  09A3  	call	clock		;toggle clock pin
0328   00FE  0445  	bcf	port_a,di	;write disable
0329   00FF  0C09  	movlw	0x09
0330   0100  0028  	movwf	count
0331   0101  09A3  wt5	call	clock		;toggle clock pin
0332   0102  02E8  	decfsz	count
0333   0103  0B01  	goto	wt5
0334   0104  0405  	bcf	port_a,cs	;deselect chip
0335   0105  03F5  	incfsz	addrs
0336   0106  0800  	retlw	0x00
0337   0107  0BF8  	goto	error		;error if out of memory
0338               
0339               ;********************************************************
                       **********************
0340               ;                                    START
0341               ;********************************************************
                       **********************
0342               
0343   0108  0065  start	clrf	port_a
0344   0109  0CF4  	movlw	b'11110100'
0345   010A  0005  	tris	port_a
0346   010B  0067  	clrf	port_c
0347   010C  0C70  	movlw	b'01110000'	;toggle/momentary config (1=mom, 0=tog
                       )
0348   010D  0036  	movwf	type
0349               	
0350   010E  0C3F  run	movlw	b'00111111'
0351   010F  0006  	tris	port_b
0352   0110  0C80  	movlw	b'10000000'
0353   0111  0007  	tris	port_c
0354   0112  0565  	bsf	port_a,pw	;set Q1 for high impedance
0355   0113  04E6  	bcf	port_b,mic	;turn off mic
0356   0114  04C6  	bcf	port_b,hs	;place phone on hook
0357   0115  07A6  	btfss	port_b,rd	;check for ring-detect
16c5x/XX Cross-Assembler V4.00 Released  Wed Nov 12 17:20:00 1997  Page 8

Line   PC    Opcode

0358   0116  0B1D  	goto	ring
0359   0117  0686  	btfsc	port_b,dv	;check for dtmf tone
0360   0118  0B2A  	goto	unlock
0361   0119  06E7  	btfsc	port_c,7		;check for dialout trigger
0362   011A  0B72  	goto	dialout
0363   011B  04C3  	bcf	status,6		;reset dialout indicator if false
0364   011C  0B0E  	goto	run
0365               	
0366   011D  0C04  ring	movlw	0x04		;verify ring pulse for 5.7 ms
0367   011E  0029  	movwf	count2
0368   011F  0068  	clrf	count
0369   0120  06A6  rg1	btfsc	port_b,rd	;check if ring pulse dropout
0370   0121  0B0E  	goto	run		;abort if true
0371   0122  02E8  	decfsz	count
0372   0123  0B20  	goto	rg1
0373   0124  02E9  	decfsz	count2
0374   0125  0B20  	goto	rg1		;end delay
0375   0126  05C6  	bsf	port_b,hs	;answer telephone
0376   0127  0911  	call	pause2
0377   0128  0900  	call	beep		;send acknowledgment beeps
0378   0129  0900  	call	beep
0379   012A  0926  unlock	call	dtmf		;listen for "#" character
0380   012B  0C0C  	movlw	b'00001100'
0381   012C  0193  	xorwf	num,w
0382   012D  0743  	btfss	status,z
0383   012E  0B0E  	goto	run		;hang up and abort if not "#" character
0384   012F  04E3  ul1	bcf	status,7		;clear "wrong password" flag
0385   0130  0075  	clrf	addrs		;set eeprom address to password
0386   0131  09A6  ul2	call	read		;test if complete password entered
0387   0132  0CFF  	movlw	0xFF
0388   0133  0194  	xorwf	mem_reg,w
0389   0134  0643  	btfsc	status,z
0390   0135  0B3C  	goto	ul3
0391   0136  0926  	call	dtmf		;get dtmf tone
0392   0137  0214  	movf	mem_reg,w	;test if correct digit in password
0393   0138  0193  	xorwf	num,w
0394   0139  0743  	btfss	status,z
0395   013A  05E3  	bsf	status,7		;set flag if not
0396   013B  0B31  	goto	ul2		;get next digit
0397   013C  07E3  ul3	btfss	status,7		;check if correct password
0398   013D  0B43  	goto	main
0399   013E  0900  	call	beep		;send error beeps and
0400   013F  0900  	call	beep
0401   0140  0900  	call	beep
0402   0141  0900  	call	beep
0403   0142  0B0E  	goto	run		;hang up and abort if wrong password
0404               
0405   0143  07E6  main	btfss	port_b,mic	;test if mic is on
0406   0144  0B48  	goto	mn1
0407   0145  0CFC  	movlw	b'11111100'	;set pwm pin for high impedence if tru
                       e
0408   0146  0005  	tris	port_a
16c5x/XX Cross-Assembler V4.00 Released  Wed Nov 12 17:20:00 1997  Page 9

Line   PC    Opcode

0409   0147  0B4A  	goto	mn2
0410   0148  0CF4  mn1	movlw	b'11110100'
0411   0149  0005  	tris	port_a
0412   014A  0C05  mn2	movlw	0x05		;5 minutes before disconnect
0413   014B  002B  	movwf	count4
0414   014C  0069  	clrf	count2
0415   014D  0068  	clrf	count
0416   014E  0CA3  mn3	movlw	0xA3
0417   014F  002A  	movwf	count3
0418   0150  0686  mn4	btfsc	port_b,dv	;watch for dtmf tone
0419   0151  0B5B  	goto	mn5
0420   0152  02E8  	decfsz	count
0421   0153  0B50  	goto	mn4
0422   0154  02E9  	decfsz	count2
0423   0155  0B50  	goto	mn4
0424   0156  02EA  	decfsz	count3
0425   0157  0B50  	goto	mn4
0426   0158  02EB  	decfsz	count4
0427   0159  0B4E  	goto	mn3		;end delay
0428   015A  0B0E  	goto	run		;hang up if no tone received
0429   015B  0206  mn5	movf	port_b,w		;read tone
0430   015C  0E0F  	andlw	b'00001111'	;strip off unused bits
0431   015D  0033  	movwf	num
0432   015E  0C0B  	movlw	b'00001011'	;test if "*"
0433   015F  0193  	xorwf	num,w
0434   0160  0643  	btfsc	status,z
0435   0161  0BBE  	goto	program		;goto program if true
0436   0162  0C0A  	movlw	b'00001010'	;test if "0"
0437   0163  0193  	xorwf	num,w
0438   0164  0643  	btfsc	status,z
0439   0165  0B0E  	goto	run		;hang up if true
0440   0166  0C0C  	movlw	b'00001100'	;test if "#"
0441   0167  0193  	xorwf	num,w
0442   0168  0643  	btfsc	status,z
0443   0169  0BAC  	goto	read_pin		;read pin if true
0444   016A  0C09  	movlw	b'00001001'	;test if "9"
0445   016B  0193  	xorwf	num,w
0446   016C  0743  	btfss	status,z
0447   016D  0BA4  	goto	action
0448   016E  0C80  	movlw	b'10000000'	;toggle state of mic if true
0449   016F  01A6  	xorwf	port_b
0450   0170  0926  	call	dtmf		;discard "9"
0451   0171  0B43  	goto	main
0452               
0453   0172  06C3  dialout	btfsc	status,6		;test if already done
0454   0173  0B0E  	goto	run		;abort if true
0455   0174  05C3  	bsf	status,6
0456   0175  0C09  	movlw	0x09		;set eeprom address to number
0457   0176  0035  	movwf	addrs
0458   0177  04C6  do1	bcf	port_b,hs	;place phone back on-hook if off
0459   0178  0911  	call	pause2
16c5x/XX Cross-Assembler V4.00 Released  Wed Nov 12 17:20:00 1997  Page 10

Line   PC    Opcode

0460   0179  0911  	call	pause2
0461   017A  05C6  	bsf	port_b,hs	;take phone off-hook
0462   017B  0911  do2	call	pause2
0463   017C  09A6  do3	call	read		;get telephone number to be dialed
0464   017D  0C0B  	movlw	b'00001011'	;test if "*"
0465   017E  0194  	xorwf	mem_reg,w
0466   017F  0643  	btfsc	status,z
0467   0180  0B7B  	goto	do2		;delay 2 seconds if true
0468   0181  0C0C  	movlw	b'00001100'	;test if "#"
0469   0182  0194  	xorwf	mem_reg,w
0470   0183  0643  	btfsc	status,z
0471   0184  0B8C  	goto	do4		;end if true
0472   0185  0C0D  	movlw	b'00001101'	;test if invalid number
0473   0186  0094  	subwf	mem_reg,w
0474   0187  0603  	btfsc	status,c
0475   0188  0B0E  	goto	run		;abort if true
0476   0189  0214  	movf	mem_reg,w
0477   018A  0977  	call	pwm		;dial digit
0478   018B  0B7C  	goto	do3		;get next digit of number
0479   018C  0C1F  do4	movlw	0x1F		;wait 60 seconds for answer
0480   018D  002B  	movwf	count4
0481   018E  0069  	clrf	count2
0482   018F  0068  	clrf	count
0483   0190  0C05  do5	movlw	0x05
0484   0191  002A  	movwf	count3
0485   0192  0686  do6	btfsc	port_b,dv	;test if dtmf tone present
0486   0193  0B2A  	goto	unlock		;get password if true
0487   0194  02E8  	decfsz	count
0488   0195  0B92  	goto	do6
0489   0196  02E9  	decfsz	count2
0490   0197  0B92  	goto	do6
0491   0198  02EA  	decfsz	count3
0492   0199  0B92  	goto	do6
0493   019A  0900  	call	beep		;send beep
0494   019B  02EB  	decfsz	count4
0495   019C  0B90  	goto	do5
0496   019D  09A6  	call	read		;get next digit
0497   019E  0C0C  	movlw	b'00001100'	;test for second "#"
0498   019F  0194  	xorwf	mem_reg,w
0499   01A0  0643  	btfsc	status,z
0500   01A1  0B0E  	goto	run		;hang up and reset if true
0501   01A2  00F5  	decf	addrs		;set address back and
0502   01A3  0B77  	goto	do1		;dial next number if false
0503               
0504   01A4  091C  action	call	toggle		;toggle state of pin
0505   01A5  0686  act1	btfsc	port_b,dv	;wait for end of tone
0506   01A6  0BA5  	goto	act1
0507   01A7  0210  	movf	temp,w		;test if set for momentary
0508   01A8  0156  	andwf	type,w
0509   01A9  0743  	btfss	status,z
0510   01AA  091C  	call	toggle		;return to original state if true
16c5x/XX Cross-Assembler V4.00 Released  Wed Nov 12 17:20:00 1997  Page 11

Line   PC    Opcode

0511   01AB  0B43  	goto	main
0512               
0513   01AC  0926  read_pin	call	dtmf		;discard "#" character
0514   01AD  0926  	call	dtmf		;get pin number
0515   01AE  0906  	call	pause1
0516   01AF  0C09  	movlw	0x09		;test if > 8
0517   01B0  0093  	subwf	num,w
0518   01B1  0603  	btfsc	status,c
0519   01B2  0BF8  	goto	error		;error if true
0520   01B3  0213  	movf	num,w		;read state of pins
0521   01B4  0028  	movwf	count
0522   01B5  0207  	movf	port_c,w
0523   01B6  0030  	movwf	temp
0524   01B7  0330  rp1	rrf	temp
0525   01B8  02E8  	decfsz	count
0526   01B9  0BB7  	goto	rp1
0527   01BA  0603  	btfsc	status,c		;test if high
0528   01BB  0900  	call	beep		;send two beeps if true
0529   01BC  0900  	call	beep
0530   01BD  0B43  	goto	main
0531               
0532   01BE  0926  program	call	dtmf		;discard "*" character
0533   01BF  0926  	call	dtmf		;get next character
0534   01C0  0C0C  	movlw	b'00001100'	;test if "#"
0535   01C1  0193  	xorwf	num,w
0536   01C2  0643  	btfsc	status,z
0537   01C3  0BDB  	goto	password
0538   01C4  0C0B  	movlw	b'00001011'	;test if "*"
0539   01C5  0193  	xorwf	num,w
0540   01C6  0643  	btfsc	status,z
0541   01C7  0BC9  	goto	number
0542   01C8  0BF8  	goto	error
0543               
0544   01C9  04C3  number	bcf	status,6		;reset dialout indicator
0545   01CA  0C09  	movlw	0x09		;set epprom address to number
0546   01CB  0035  	movwf	addrs
0547   01CC  0926  nm1	call	dtmf		;get number to be dialed
0548   01CD  0213  	movf	num,w		;store digit in eeprom
0549   01CE  09C7  	call	write
0550   01CF  0C0C  	movlw	b'00001100'	;test if "#"
0551   01D0  0193  	xorwf	num,w
0552   01D1  0743  	btfss	status,z
0553   01D2  0BCC  	goto	nm1		;get next digit
0554   01D3  0926  	call	dtmf		;get next number
0555   01D4  0213  	movf	num,w		;store number in eeprom
0556   01D5  09C7  	call	write
0557   01D6  0C0C  	movlw	b'00001100'	;test for second "#"
0558   01D7  0193  	xorwf	num,w
0559   01D8  0743  	btfss	status,z
0560   01D9  0BCC  	goto	nm1		;get next digit
0561   01DA  0BF4  	goto	ack
16c5x/XX Cross-Assembler V4.00 Released  Wed Nov 12 17:20:00 1997  Page 12

Line   PC    Opcode

0562               
0563   01DB  0C17  password	movlw	0x17		;set fsr for password entry
0564   01DC  0024  	movwf	fsr
0565   01DD  0926  pwd1	call	dtmf		;get digit in new password
0566   01DE  0213  	movf	num,w		;store in ram
0567   01DF  0020  	movwf	ind
0568   01E0  0C0C  	movlw	b'00001100'	;test if "#"
0569   01E1  0193  	xorwf	num,w
0570   01E2  0643  	btfsc	status,z
0571   01E3  0BE8  	goto	pwd2		;write new password to eeprom if true
0572   01E4  02A4  	incf	fsr		;move to next ram address
0573   01E5  0684  	btfsc	fsr,4		;test if more then 8 digits entered
0574   01E6  0BDD  	goto	pwd1		;get next digit if false
0575   01E7  0BF8  	goto	error		;error if true
0576   01E8  0CFF  pwd2	movlw	0xFF		;end of password character
0577   01E9  0020  	movwf	ind
0578   01EA  0075  	clrf	addrs		;set eeprom address to password
0579   01EB  0C17  	movlw	0x17		;set ram address to new password
0580   01EC  0024  	movwf	fsr
0581   01ED  0200  pwd3	movf	ind,w		;write new password to eeprom
0582   01EE  09C7  	call	write
0583   01EF  0280  	incf	ind,w		;test for end of password character
0584   01F0  0643  	btfsc	status,z
0585   01F1  0BF4  	goto	ack		;end if true
0586   01F2  02A4  	incf	fsr		;move to next password character
0587   01F3  0BED  	goto	pwd3
0588               
0589   01F4  0906  ack	call	pause1		;send acknowledgment beeps
0590   01F5  0900  	call	beep
0591   01F6  0900  	call	beep
0592   01F7  0B43  	goto	main
0593               
0594   01F8  0900  error	call	beep		;send error beeps
0595   01F9  0900  	call	beep
0596   01FA  0900  	call	beep
0597   01FB  0900  	call	beep
0598   01FC  0B43  	goto	main
0599               
0600         0000  	end
16c5x/XX Cross-Assembler V4.00 Released  Wed Nov 12 17:20:00 1997  Page 13



Cross-Reference Listing
LABEL        VALUE        DEFN        REFERENCES
LSB          0            28          28     266    
MSB          7            27          27     
ack          500          589         561    585    589    
act1         421          505         505    506    
action       420          504         447    504    
addrs        21           53          53     247    251    257    270    296    
                                      300    306    335    385    457    501    
                                      546    578    
angle1       17           49          49     63     193    201    
angle2       18           50          50     64     195    207    
beep         0            60          60     377    378    399    400    401    
                                      402    493    528    529    590    591    
                                      594    595    596    597    
beep2        125          196         65     196    
c            0            22          22     94     252    263    301    311    
                                      474    518    527    
clk          1            32          32     235    236    
clock        163          235         235    243    244    246    254    262    
                                      278    280    281    285    291    293    
                                      295    303    313    327    331    
col          76           143         143    194    
count        8            40          40     70     71     82     83     93     
                                      96     105    108    198    222    228    
                                      229    249    255    261    267    284    
                                      286    298    304    308    314    330    
                                      332    368    371    415    420    482    
                                      487    521    525    
count2       9            41          41     69     73     81     85     104    
                                      110    197    224    227    231    367    
                                      373    414    422    481    489    
count3       10           42          42     68     75     80     87     103    
                                      112    417    424    484    491    
count4       11           43          43     413    426    480    494    
cs           0            33          33     241    269    276    288    289    
                                      316    319    322    325    334    
dc           1            23          23     
di           2            30          30     242    245    250    253    277    
                                      279    282    290    292    294    299    
                                      302    309    312    326    328    
dialout      370          453         362    453    
do           2            31          31     265    320    
do1          375          458         458    502    
do2          379          462         462    467    
do3          380          463         463    478    
do4          396          479         471    479    
do5          400          483         483    495    
do6          402          485         485    488    490    492    
dt1          42           106         106    109    111    113    
dt2          51           115         107    115    
dt3          54           118         118    119    
dtmf         38           102         102    379    391    450    513    514    
                                      532    533    547    554    565    
dv           4            35          35     106    359    418    485    505    
error        504          594         337    519    542    575    594    
fsr          4            18          18     564    572    573    580    586    
hs           6            37          37     356    375    458    461    
ind          0            14          14     567    577    581    583    
main         323          405         398    405    451    511    530    592    
                                      598    
mem_reg      20           52          52     264    266    273    310    388    
                                      392    465    469    473    476    498    
mic          7            38          38     355    405    
mn1          328          410         406    410    
mn2          330          412         409    412    
mn3          334          416         416    427    
mn4          336          418         418    421    423    425    
mn5          347          429         419    429    
nm1          460          547         547    553    560    
num          19           51          51     92     117    381    393    431    
                                      433    437    441    445    517    520    
                                      535    539    548    551    555    558    
                                      566    569    
number       457          544         541    544    
pair         57           122         122    190    
password     475          563         537    563    
pause1       6            67          67     515    589    
pause2       17           79          79     376    459    460    462    
pc           2            16          16     122    137    145    154    
pd           3            25          25     
port_a       5            19          19     200    205    218    235    236    
                                      240    241    242    245    250    253    
                                      259    265    269    275    276    277    
                                      279    282    288    289    290    292    
                                      294    299    302    309    312    316    
                                      318    319    320    322    324    325    
                                      326    328    334    343    345    354    
                                      408    411    
port_b       6            20          20     106    115    118    351    355    
                                      356    357    359    369    375    405    
                                      418    429    449    458    461    485    
                                      505    
port_c       7            21          21     99     346    353    361    522    
program      446          532         435    532    
ps1          10           71          71     72     74     76     
ps2          21           83          83     84     86     88     
pw           3            34          34     205    218    354    
pw1          130          201         201    225    
pw2          145          216         216    217    
pw3          148          219         219    220    
pw4          154          225         223    225    
pw5          158          229         229    230    232    
pwd1         477          565         565    574    
pwd2         488          576         571    576    
pwd3         493          581         581    587    
pwm          119          190         190    477    
pwm_hi       14           46          46     206    211    212    213    219    
pwm_lo       15           47          47     215    216    
rd           5            36          36     357    369    
rd1          177          250         250    256    
rd2          189          262         262    268    
read         166          239         239    386    463    496    
read_pin     428          513         443    513    
rg1          288          369         369    372    374    
ring         285          366         358    366    
row          69           135         135    192    
rp1          439          524         524    526    
rtcc         1            15          15     
run          270          350         114    350    364    370    383    403    
                                      428    439    454    475    500    
sine         82           150         150    204    210    
start        264          343         57     343    
status       3            17          17     94     252    263    301    311    
                                      363    382    384    389    394    395    
                                      397    434    438    442    446    453    
                                      455    466    470    474    499    509    
                                      518    527    536    540    544    552    
                                      559    570    584    
temp         16           48          48     91     95     98     135    143    
                                      150    151    152    191    507    523    
                                      524    
tg1          32           95          95     97     
to           4            26          26     
toggle       28           91          91     504    510    
tone1        12           44          44     202    203    
tone2        13           45          45     61     208    209    
type         22           54          54     348    508    
ul1          303          384         384    
ul2          305          386         386    396    
ul3          316          397         390    397    
unlock       298          379         360    379    486    
write        199          273         273    549    556    582    
wt1          211          285         285    287    
wt2          225          299         299    305    
wt3          235          309         309    315    
wt4          246          320         320    321    
wt5          257          331         331    333    
z            2            24          24     382    389    394    434    438    
                                      442    446    466    470    499    509    
                                      536    540    552    559    570    584    
